../Core/Src/app_threadx.c:112:6:App_ThreadX_Init	56	static
../Core/Src/app_threadx.c:141:6:MX_ThreadX_Init	8	static
../Core/Src/app_threadx.c:155:6:ADC_Reading	88	static
../Core/Src/app_threadx.c:217:6:Power_Consumption	32	static
../Core/Src/app_threadx.c:278:6:SoH_Management	24	static
../Core/Src/app_threadx.c:315:6:Setup	16	static
../Core/Src/app_threadx.c:324:6:Set_LED	24	static
../Core/Src/app_threadx.c:340:6:Transmit_Data	216	static
../Core/Src/app_threadx.c:379:6:Memory_Management	24	static
../Core/Src/app_threadx.c:402:6:Temperature_Reading	16	static
../Core/Src/app_threadx.c:411:6:Beep_Beep	24	static
../Core/Src/app_threadx.c:427:6:write_value	32	static
../Core/Src/app_threadx.c:468:6:ReadData	56	dynamic
