../Core/Src/app_threadx.c:113:6:App_ThreadX_Init	56	static
../Core/Src/app_threadx.c:142:6:MX_ThreadX_Init	8	static
../Core/Src/app_threadx.c:156:6:ADC_Reading	88	static
../Core/Src/app_threadx.c:225:6:Power_Consumption	32	static
../Core/Src/app_threadx.c:288:6:SoH_Management	40	static
../Core/Src/app_threadx.c:379:6:Setup	16	static
../Core/Src/app_threadx.c:388:6:Set_LED	24	static
../Core/Src/app_threadx.c:404:6:Transmit_Data	224	static
../Core/Src/app_threadx.c:445:6:Memory_Management	24	static
../Core/Src/app_threadx.c:460:6:Temperature_Reading	16	static
../Core/Src/app_threadx.c:471:13:get_status_string	16	static
../Core/Src/app_threadx.c:481:6:Beep_Beep	24	static
../Core/Src/app_threadx.c:497:6:write_value	72	dynamic
../Core/Src/app_threadx.c:539:6:ReadData	32	static
