../Core/Src/main.c:94:5:main	8	static
../Core/Src/main.c:150:6:SystemClock_Config	120	static
../Core/Src/main.c:211:13:MX_ADC1_Init	40	static
../Core/Src/main.c:300:13:MX_GPDMA1_Init	16	static
../Core/Src/main.c:328:13:MX_SPI1_Init	8	static
../Core/Src/main.c:376:13:MX_TIM1_Init	120	static
../Core/Src/main.c:462:13:MX_TIM2_Init	40	static
../Core/Src/main.c:507:13:MX_USART1_UART_Init	8	static
../Core/Src/main.c:555:13:MX_USART2_UART_Init	8	static
../Core/Src/main.c:603:13:MX_GPIO_Init	40	static
../Core/Src/main.c:639:6:HAL_ADC_ConvCpltCallback	16	static
../Core/Src/main.c:645:6:HAL_UART_RxCpltCallback	16	static
../Core/Src/main.c:655:6:Error_Handler	4	static,ignoring_inline_asm
