../Core/Src/main.c:81:6:__io_putchar	16	static
../Core/Src/main.c:92:5:main	8	static
../Core/Src/main.c:148:6:SystemClock_Config	120	static
../Core/Src/main.c:209:13:MX_ADC1_Init	40	static
../Core/Src/main.c:298:13:MX_GPDMA1_Init	16	static
../Core/Src/main.c:326:13:MX_SPI1_Init	8	static
../Core/Src/main.c:374:13:MX_TIM1_Init	120	static
../Core/Src/main.c:460:13:MX_TIM2_Init	40	static
../Core/Src/main.c:505:13:MX_USART1_UART_Init	8	static
../Core/Src/main.c:553:13:MX_USART2_UART_Init	8	static
../Core/Src/main.c:601:13:MX_GPIO_Init	40	static
../Core/Src/main.c:637:6:HAL_ADC_ConvCpltCallback	16	static
../Core/Src/main.c:643:6:HAL_UART_RxCpltCallback	16	static
../Core/Src/main.c:653:6:Error_Handler	4	static,ignoring_inline_asm
